---
source: ferrocene/tools/self-test/src/linkers/argparse.rs
expression: output
---
[
    Plugin(
        "/usr/lib/gcc-cross/aarch64-linux-gnu/12/liblto_plugin.so",
    ),
    PluginOpt(
        "/usr/lib/gcc-cross/aarch64-linux-gnu/12/lto-wrapper",
    ),
    PluginOpt(
        "-fresolution=/tmp/cc9GsGIt.res",
    ),
    PluginOpt(
        "-pass-through=-lgcc",
    ),
    PluginOpt(
        "-pass-through=-lgcc_s",
    ),
    PluginOpt(
        "-pass-through=-lc",
    ),
    PluginOpt(
        "-pass-through=-lgcc",
    ),
    PluginOpt(
        "-pass-through=-lgcc_s",
    ),
    Sysroot(
        "/",
    ),
    BuildId,
    EhFrameHeader,
    HashStyle(
        "gnu",
    ),
    AsNeeded,
    DynamicLinker(
        "/lib/ld-linux-aarch64.so.1",
    ),
    DiscardAll,
    LittleEndian,
    Emulation(
        "aarch64linux",
    ),
    FixCortexA53_843419,
    PicExecutable,
    Keyword(
        "now",
    ),
    Keyword(
        "relro",
    ),
    Output(
        "/tmp/.tmpoNgAJE/output.bin",
    ),
    Input(
        "/usr/lib/gcc-cross/aarch64-linux-gnu/12/../../../../aarch64-linux-gnu/lib/../lib/Scrt1.o",
    ),
    Input(
        "/usr/lib/gcc-cross/aarch64-linux-gnu/12/../../../../aarch64-linux-gnu/lib/../lib/crti.o",
    ),
    Input(
        "/usr/lib/gcc-cross/aarch64-linux-gnu/12/crtbeginS.o",
    ),
    LibraryPath(
        "/tmp/.tmpoNgAJE",
    ),
    LibraryPath(
        "/usr/lib/gcc-cross/aarch64-linux-gnu/12",
    ),
    LibraryPath(
        "/usr/lib/gcc-cross/aarch64-linux-gnu/12/../../../../aarch64-linux-gnu/lib/../lib",
    ),
    LibraryPath(
        "/lib/aarch64-linux-gnu",
    ),
    LibraryPath(
        "/lib/../lib",
    ),
    LibraryPath(
        "/usr/lib/aarch64-linux-gnu",
    ),
    LibraryPath(
        "/usr/lib/../lib",
    ),
    LibraryPath(
        "/usr/lib/gcc-cross/aarch64-linux-gnu/12/../../../../aarch64-linux-gnu/lib",
    ),
    Input(
        "/tmp/cc81JpAZ.o",
    ),
    Link(
        "gcc",
    ),
    PushState,
    AsNeeded,
    Link(
        "gcc_s",
    ),
    PopState,
    Link(
        "c",
    ),
    Link(
        "gcc",
    ),
    AsNeeded,
    Link(
        "gcc_s",
    ),
    NoAsNeeded,
    Input(
        "/usr/lib/gcc-cross/aarch64-linux-gnu/12/crtendS.o",
    ),
    Input(
        "/usr/lib/gcc-cross/aarch64-linux-gnu/12/../../../../aarch64-linux-gnu/lib/../lib/crtn.o",
    ),
]
